2025-09-26 19:18:00 | INFO | repo=pv243-2015-clustering-seminar | action=commit
2025-01-04 12:17:00 | DEBUG | repo=pv243-2015-clustering-seminar | action=commit
2025-06-14 09:58:00 | INFO | repo=pv243-2015-clustering-seminar | action=commit
2025-12-05 15:49:00 | DEBUG | repo=pv243-2015-clustering-seminar | action=commit
2025-12-09 11:15:00 | DEBUG | repo=pv243-2015-clustering-seminar | action=edit | files=3
2025-08-13 07:40:00 | INFO | repo=pv243-2015-clustering-seminar | action=commit
2025-11-04 07:48:00 | WARN | repo=pv243-2015-clustering-seminar | action=commit
2025-09-10 11:26:00 | DEBUG | repo=pv243-2015-clustering-seminar | action=commit
2025-06-08 21:10:00 | INFO | repo=pv243-2015-clustering-seminar | action=commit
2025-09-27 09:59:00 | DEBUG | repo=pv243-2015-clustering-seminar | action=commit
2025-06-21 14:53:00 | DEBUG | repo=pv243-2015-clustering-seminar | action=commit
2025-03-02 12:58:00 | INFO | repo=pv243-2015-clustering-seminar | action=commit
2025-07-02 07:41:00 | INFO | repo=pv243-2015-clustering-seminar | action=commit
2025-09-26 19:03:00 | INFO | repo=pv243-2015-clustering-seminar | action=commit
2025-10-22 08:58:00 | INFO | repo=pv243-2015-clustering-seminar | action=commit
2025-01-01 07:05:00 | DEBUG | repo=pv243-2015-clustering-seminar | action=test | passed=true
2025-07-01 12:18:00 | DEBUG | repo=pv243-2015-clustering-seminar | action=commit
2025-04-16 14:12:00 | INFO | repo=pv243-2015-clustering-seminar | action=commit
2025-02-22 17:32:00 | INFO | repo=pv243-2015-clustering-seminar | action=commit
2025-07-03 14:25:00 | DEBUG | repo=pv243-2015-clustering-seminar | action=commit
2025-10-22 13:29:00 | DEBUG | repo=pv243-2015-clustering-seminar | action=commit
2025-11-06 11:43:00 | WARN | repo=pv243-2015-clustering-seminar | action=commit
2025-12-25 20:51:00 | INFO | repo=pv243-2015-clustering-seminar | action=commit
2025-03-11 07:00:00 | DEBUG | repo=pv243-2015-clustering-seminar | action=commit
2025-02-06 19:53:00 | DEBUG | repo=pv243-2015-clustering-seminar | action=commit
2025-03-26 20:43:00 | INFO | repo=pv243-2015-clustering-seminar | action=commit
2025-04-17 21:05:00 | DEBUG | repo=pv243-2015-clustering-seminar | action=commit
2025-11-21 11:45:00 | INFO | repo=pv243-2015-clustering-seminar | action=pull
2025-10-04 08:38:00 | WARN | repo=pv243-2015-clustering-seminar | action=test | passed=true
2025-07-05 19:48:00 | INFO | repo=pv243-2015-clustering-seminar | action=edit | files=2
2025-08-01 10:35:00 | INFO | repo=pv243-2015-clustering-seminar | action=commit
2025-11-12 14:44:00 | WARN | repo=pv243-2015-clustering-seminar | action=commit
2025-07-15 18:16:00 | WARN | repo=pv243-2015-clustering-seminar | action=commit
2025-07-08 14:55:00 | DEBUG | repo=pv243-2015-clustering-seminar | action=pull
2025-07-02 11:09:00 | DEBUG | repo=pv243-2015-clustering-seminar | action=commit
2025-10-03 15:35:00 | INFO | repo=pv243-2015-clustering-seminar | action=pull
2025-11-20 11:30:00 | WARN | repo=pv243-2015-clustering-seminar | action=commit
2025-04-23 20:49:00 | DEBUG | repo=pv243-2015-clustering-seminar | action=commit
2025-10-02 15:46:00 | WARN | repo=pv243-2015-clustering-seminar | action=commit
